// Jest Snapshot v1, https://goo.gl/fbAQLP

exports[`Button icon-prefix prop 1`] = `
<DocumentFragment>
  <button
    class="sc-AxirZ dGfnmF mul-button mul-button--default mul-button--normal"
  >
    <div
      class="mul-button__content"
    >
      <i
        class="sc-AxiKw dzyCxy my-icon my-icon-success mul-button__icon"
      />
    </div>
  </button>
</DocumentFragment>
`;
